// Jest Snapshot v1, https://goo.gl/fbAQLP

exports[`Mounting NavigationBar Must match snapshot 1`] = `
ShallowWrapper {
  Symbol(enzyme.__root__): [Circular],
  Symbol(enzyme.__unrendered__): <NavigationBar
    buttons={
      Array [
        Object {
          "sectionId": "section-skills",
          "title": Object {
            "EN": "Skills",
            "ES": "Habilidades",
          },
        },
        Object {
          "sectionId": "section-projects",
          "title": Object {
            "EN": "Projects",
            "ES": "Proyectos",
          },
        },
        Object {
          "sectionId": "section-contact",
          "title": Object {
            "EN": "Contact Me",
            "ES": "Contactame",
          },
        },
      ]
    }
    handleLanguageSwitch={[MockFunction]}
    isExpanded={false}
    isSideBar={false}
    selectedLanguage="EN"
    toggleSidebarExpansion={[MockFunction]}
  />,
  Symbol(enzyme.__renderer__): Object {
    "batchedUpdates": [Function],
    "checkPropTypes": [Function],
    "getNode": [Function],
    "render": [Function],
    "simulateError": [Function],
    "simulateEvent": [Function],
    "unmount": [Function],
  },
  Symbol(enzyme.__node__): Object {
    "instance": null,
    "key": undefined,
    "nodeType": "function",
    "props": Object {
      "children": Array [
        null,
        <nav
          className="navbar "
          onClick={[Function]}
        >
          <div
            className="closeButtonContainer"
          >
            <ToggleNavigationBarButton
              handleNavButtonPress={[MockFunction]}
              isMobileScreen={false}
            />
          </div>
          <NavigationButtonsContainer
            buttons={
              Array [
                Object {
                  "sectionId": "section-skills",
                  "title": Object {
                    "EN": "Skills",
                    "ES": "Habilidades",
                  },
                },
                Object {
                  "sectionId": "section-projects",
                  "title": Object {
                    "EN": "Projects",
                    "ES": "Proyectos",
                  },
                },
                Object {
                  "sectionId": "section-contact",
                  "title": Object {
                    "EN": "Contact Me",
                    "ES": "Contactame",
                  },
                },
              ]
            }
            isSideBar={false}
            selectedLanguage="EN"
          />
          <LanguageSwitcher
            handleLanguageSwitch={[MockFunction]}
            selectedLanguage="EN"
          />
        </nav>,
      ],
    },
    "ref": null,
    "rendered": Array [
      null,
      Object {
        "instance": null,
        "key": undefined,
        "nodeType": "host",
        "props": Object {
          "children": Array [
            <div
              className="closeButtonContainer"
            >
              <ToggleNavigationBarButton
                handleNavButtonPress={[MockFunction]}
                isMobileScreen={false}
              />
            </div>,
            <NavigationButtonsContainer
              buttons={
                Array [
                  Object {
                    "sectionId": "section-skills",
                    "title": Object {
                      "EN": "Skills",
                      "ES": "Habilidades",
                    },
                  },
                  Object {
                    "sectionId": "section-projects",
                    "title": Object {
                      "EN": "Projects",
                      "ES": "Proyectos",
                    },
                  },
                  Object {
                    "sectionId": "section-contact",
                    "title": Object {
                      "EN": "Contact Me",
                      "ES": "Contactame",
                    },
                  },
                ]
              }
              isSideBar={false}
              selectedLanguage="EN"
            />,
            <LanguageSwitcher
              handleLanguageSwitch={[MockFunction]}
              selectedLanguage="EN"
            />,
          ],
          "className": "navbar ",
          "onClick": [Function],
        },
        "ref": null,
        "rendered": Array [
          Object {
            "instance": null,
            "key": undefined,
            "nodeType": "host",
            "props": Object {
              "children": <ToggleNavigationBarButton
                handleNavButtonPress={[MockFunction]}
                isMobileScreen={false}
              />,
              "className": "closeButtonContainer",
            },
            "ref": null,
            "rendered": Object {
              "instance": null,
              "key": undefined,
              "nodeType": "function",
              "props": Object {
                "handleNavButtonPress": [MockFunction],
                "isMobileScreen": false,
              },
              "ref": null,
              "rendered": null,
              "type": [Function],
            },
            "type": "div",
          },
          Object {
            "instance": null,
            "key": undefined,
            "nodeType": "function",
            "props": Object {
              "buttons": Array [
                Object {
                  "sectionId": "section-skills",
                  "title": Object {
                    "EN": "Skills",
                    "ES": "Habilidades",
                  },
                },
                Object {
                  "sectionId": "section-projects",
                  "title": Object {
                    "EN": "Projects",
                    "ES": "Proyectos",
                  },
                },
                Object {
                  "sectionId": "section-contact",
                  "title": Object {
                    "EN": "Contact Me",
                    "ES": "Contactame",
                  },
                },
              ],
              "isSideBar": false,
              "selectedLanguage": "EN",
            },
            "ref": null,
            "rendered": null,
            "type": [Function],
          },
          Object {
            "instance": null,
            "key": undefined,
            "nodeType": "function",
            "props": Object {
              "handleLanguageSwitch": [MockFunction],
              "selectedLanguage": "EN",
            },
            "ref": null,
            "rendered": null,
            "type": [Function],
          },
        ],
        "type": "nav",
      },
    ],
    "type": Symbol(react.fragment),
  },
  Symbol(enzyme.__nodes__): Array [
    Object {
      "instance": null,
      "key": undefined,
      "nodeType": "function",
      "props": Object {
        "children": Array [
          null,
          <nav
            className="navbar "
            onClick={[Function]}
          >
            <div
              className="closeButtonContainer"
            >
              <ToggleNavigationBarButton
                handleNavButtonPress={[MockFunction]}
                isMobileScreen={false}
              />
            </div>
            <NavigationButtonsContainer
              buttons={
                Array [
                  Object {
                    "sectionId": "section-skills",
                    "title": Object {
                      "EN": "Skills",
                      "ES": "Habilidades",
                    },
                  },
                  Object {
                    "sectionId": "section-projects",
                    "title": Object {
                      "EN": "Projects",
                      "ES": "Proyectos",
                    },
                  },
                  Object {
                    "sectionId": "section-contact",
                    "title": Object {
                      "EN": "Contact Me",
                      "ES": "Contactame",
                    },
                  },
                ]
              }
              isSideBar={false}
              selectedLanguage="EN"
            />
            <LanguageSwitcher
              handleLanguageSwitch={[MockFunction]}
              selectedLanguage="EN"
            />
          </nav>,
        ],
      },
      "ref": null,
      "rendered": Array [
        null,
        Object {
          "instance": null,
          "key": undefined,
          "nodeType": "host",
          "props": Object {
            "children": Array [
              <div
                className="closeButtonContainer"
              >
                <ToggleNavigationBarButton
                  handleNavButtonPress={[MockFunction]}
                  isMobileScreen={false}
                />
              </div>,
              <NavigationButtonsContainer
                buttons={
                  Array [
                    Object {
                      "sectionId": "section-skills",
                      "title": Object {
                        "EN": "Skills",
                        "ES": "Habilidades",
                      },
                    },
                    Object {
                      "sectionId": "section-projects",
                      "title": Object {
                        "EN": "Projects",
                        "ES": "Proyectos",
                      },
                    },
                    Object {
                      "sectionId": "section-contact",
                      "title": Object {
                        "EN": "Contact Me",
                        "ES": "Contactame",
                      },
                    },
                  ]
                }
                isSideBar={false}
                selectedLanguage="EN"
              />,
              <LanguageSwitcher
                handleLanguageSwitch={[MockFunction]}
                selectedLanguage="EN"
              />,
            ],
            "className": "navbar ",
            "onClick": [Function],
          },
          "ref": null,
          "rendered": Array [
            Object {
              "instance": null,
              "key": undefined,
              "nodeType": "host",
              "props": Object {
                "children": <ToggleNavigationBarButton
                  handleNavButtonPress={[MockFunction]}
                  isMobileScreen={false}
                />,
                "className": "closeButtonContainer",
              },
              "ref": null,
              "rendered": Object {
                "instance": null,
                "key": undefined,
                "nodeType": "function",
                "props": Object {
                  "handleNavButtonPress": [MockFunction],
                  "isMobileScreen": false,
                },
                "ref": null,
                "rendered": null,
                "type": [Function],
              },
              "type": "div",
            },
            Object {
              "instance": null,
              "key": undefined,
              "nodeType": "function",
              "props": Object {
                "buttons": Array [
                  Object {
                    "sectionId": "section-skills",
                    "title": Object {
                      "EN": "Skills",
                      "ES": "Habilidades",
                    },
                  },
                  Object {
                    "sectionId": "section-projects",
                    "title": Object {
                      "EN": "Projects",
                      "ES": "Proyectos",
                    },
                  },
                  Object {
                    "sectionId": "section-contact",
                    "title": Object {
                      "EN": "Contact Me",
                      "ES": "Contactame",
                    },
                  },
                ],
                "isSideBar": false,
                "selectedLanguage": "EN",
              },
              "ref": null,
              "rendered": null,
              "type": [Function],
            },
            Object {
              "instance": null,
              "key": undefined,
              "nodeType": "function",
              "props": Object {
                "handleLanguageSwitch": [MockFunction],
                "selectedLanguage": "EN",
              },
              "ref": null,
              "rendered": null,
              "type": [Function],
            },
          ],
          "type": "nav",
        },
      ],
      "type": Symbol(react.fragment),
    },
  ],
  Symbol(enzyme.__options__): Object {
    "adapter": ReactSixteenAdapter {
      "options": Object {
        "enableComponentDidUpdateOnSetState": true,
        "legacyContextMode": "parent",
        "lifecycles": Object {
          "componentDidUpdate": Object {
            "onSetState": true,
          },
          "getChildContext": Object {
            "calledByRenderer": false,
          },
          "getDerivedStateFromProps": true,
          "getSnapshotBeforeUpdate": true,
          "setState": Object {
            "skipsComponentDidUpdateOnNullish": true,
          },
        },
      },
    },
  },
}
`;
